FISH_AUDIO_S2_PRO_KAGGLE_PRODUCTION_NOTEBOOK_ACCEPTANCE
DATE=2026-10-01
ENVIRONMENT=Fresh Kaggle Notebook
ACCELERATOR=GPU T4 x2
INTERNET=ON
NOTEBOOK=notebooks/kaggle-production-demo.ipynb
NOTEBOOK_SOURCE_MAIN_SHA=2f21aa963a075300eac34014beea7f2e8abc2c63
NOTEBOOK_SOURCE_SHA256=11c8354fcf0e59fd3c5cc634117afb60fbfe576f619a59047dce3973e772e5ed
RUNTIME_SOURCE_REF=v1.0.0
RUNTIME_SOURCE_HEAD=47c9b186c9396d378e27fcbc8556844150c602e9
UPSTREAM_FISH_SPEECH_COMMIT=214da3cd841bda85da2496b96cd3c4d7edb1337e
MODEL_MOUNT=/kaggle/input/models/dangkhoa2016/fishaudio-s2-pro/pytorch/default/1
GPU0=Tesla T4
GPU1=Tesla T4
SEMANTIC_DEVICE=cuda:0
DECODER_DEVICE=cuda:1
MAX_SEQ_LEN=4096
PRECISION=FP16

PUBLIC_SOURCE=PASS
GPU_T4X2=PASS
KAGGLE_MODEL_INPUT=PASS
NOTEBOOK_PHASE_SETUP=PASS
BILINGUAL_CASES=6/6
NOTEBOOK_PHASE_BILINGUAL=PASS
HUMAN_LISTENING_SHOWCASE=READY
VOICE_CLONING_CASES=4/4
NOTEBOOK_PHASE_VOICE_CLONING=PASS
LOCAL_API_HEALTH=PASS
LOCAL_API_EN_TTS=PASS
LOCAL_API_VI_TTS=PASS
KAGGLE_PRODUCTION_DEMO=PASS

API_EN_WAV_BYTES=573484
API_EN_WAV_SHA256=7ecec64142803a450f44211c0869e385c430033f8227843ce5c09fed75b671c6
API_VI_WAV_BYTES=442412
API_VI_WAV_SHA256=7399b82519418047a393c0ed9f5297e9248792325166ade207d68929ce6d0c2b
NBCONVERT_EXIT=0
